I, [2026-09-05T17:41:07.389006 #14452]  INFO -- : Cleared interactions
I, [2026-09-05T17:41:07.423002 #14452]  INFO -- : Registered expected interaction GET /v1/forecast?latitude=45.75&longitude=21.23&current_weather=true&wind_speed_unit=kmh
D, [2026-09-05T17:41:07.423306 #14452] DEBUG -- : {
  "description": "a request for current weather at those coordinates",
  "providerState": "coordinates 45.75,21.23 have current weather data",
  "request": {
    "method": "GET",
    "path": "/v1/forecast",
    "query": {
      "latitude": [
        "45.75"
      ],
      "longitude": [
        "21.23"
      ],
      "current_weather": [
        "true"
      ],
      "wind_speed_unit": [
        "kmh"
      ]
    }
  },
  "response": {
    "status": 200,
    "headers": {
    },
    "body": {
      "current_weather": {
        "temperature": 22.4,
        "windspeed": 14.2,
        "weathercode": 3,
        "time": "2024-06-01T14:00"
      }
    }
  },
  "metadata": null
}
I, [2026-09-05T17:41:07.423513 #14452]  INFO -- : Registered expected interaction GET /v1/search?name=Timisoara&count=1&language=en&format=json
D, [2026-09-05T17:41:07.423655 #14452] DEBUG -- : {
  "description": "a request to geocode Timisoara",
  "providerState": "a city named Timisoara exists",
  "request": {
    "method": "GET",
    "path": "/v1/search",
    "query": {
      "name": [
        "Timisoara"
      ],
      "count": [
        "1"
      ],
      "language": [
        "en"
      ],
      "format": [
        "json"
      ]
    }
  },
  "response": {
    "status": 200,
    "headers": {
    },
    "body": {
      "results": [
        {
          "latitude": 45.75,
          "longitude": 21.23,
          "name": "Timisoara",
          "country": "Romania"
        }
      ]
    }
  },
  "metadata": null
}
I, [2026-09-05T17:41:07.441782 #14452]  INFO -- : Received request GET /v1/search?name=Timisoara&count=1&language=en&format=json
D, [2026-09-05T17:41:07.442050 #14452] DEBUG -- : {
  "path": "/v1/search",
  "query": "name=Timisoara&count=1&language=en&format=json",
  "method": "get",
  "headers": {
    "Host": "localhost:1234",
    "User-Agent": "python-requests/2.32.3",
    "Accept-Encoding": "gzip, deflate",
    "Accept": "*/*",
    "Connection": "keep-alive",
    "Version": "HTTP/1.1"
  }
}
I, [2026-09-05T17:41:07.442957 #14452]  INFO -- : Found matching response for GET /v1/search?name=Timisoara&count=1&language=en&format=json
D, [2026-09-05T17:41:07.443197 #14452] DEBUG -- : {
  "status": 200,
  "headers": {
  },
  "body": {
    "results": [
      {
        "latitude": 45.75,
        "longitude": 21.23,
        "name": "Timisoara",
        "country": "Romania"
      }
    ]
  }
}
I, [2026-09-05T17:41:07.467900 #14452]  INFO -- : Received request GET /v1/forecast?latitude=45.75&longitude=21.23&current_weather=true&wind_speed_unit=kmh
D, [2026-09-05T17:41:07.468351 #14452] DEBUG -- : {
  "path": "/v1/forecast",
  "query": "latitude=45.75&longitude=21.23&current_weather=true&wind_speed_unit=kmh",
  "method": "get",
  "headers": {
    "Host": "localhost:1234",
    "User-Agent": "python-requests/2.32.3",
    "Accept-Encoding": "gzip, deflate",
    "Accept": "*/*",
    "Connection": "keep-alive",
    "Version": "HTTP/1.1"
  }
}
I, [2026-09-05T17:41:07.469323 #14452]  INFO -- : Found matching response for GET /v1/forecast?latitude=45.75&longitude=21.23&current_weather=true&wind_speed_unit=kmh
D, [2026-09-05T17:41:07.469662 #14452] DEBUG -- : {
  "status": 200,
  "headers": {
  },
  "body": {
    "current_weather": {
      "temperature": 22.4,
      "windspeed": 14.2,
      "weathercode": 3,
      "time": "2024-06-01T14:00"
    }
  }
}
I, [2026-09-05T17:41:07.489541 #14452]  INFO -- : Verifying - interactions matched
I, [2026-09-05T17:41:07.507212 #14452]  INFO -- : Writing pact for OpenMeteoAPI to C:/Users/admin/Desktop/weather-aggregator/tests/contract/pacts/weatheraggregatorservice-openmeteoapi.json
